
分配公共符号
公共符号            大小              文件

idt_ptr             0x6               kernel/global.o
inode_table         0xb00             kernel/global.o
task_stack          0x38000           kernel/global.o
f                   0x10              kernel/main.o
k_reenter           0x4               kernel/global.o
gdt                 0x400             kernel/global.o
current_console     0x4               kernel/global.o
pcaller             0x4               kernel/global.o
tty_table           0x1090            kernel/global.o
tss                 0x68              kernel/global.o
tmpQP               0x24              kernel/main.o
fs_msg              0x30              kernel/global.o
f_desc_table        0x300             kernel/global.o
root_inode          0x4               kernel/global.o
disp_pos            0x4               kernel/global.o
key_pressed         0x4               kernel/global.o
gdt_ptr             0x6               kernel/global.o
idt                 0x800             kernel/global.o
super_block         0x1e0             kernel/global.o
PARTITION_ENTRY     0x10              kernel/hd.o
ticks               0x4               kernel/global.o
States              0x14820           kernel/main.o
console_table       0x50              kernel/global.o
irq_table           0x40              kernel/global.o
p_proc_ready        0x4               kernel/global.o
proc_table          0xafe             kernel/global.o

Discarded input sections

 .note.GNU-stack
                0x0000000000000000        0x0 kernel/start.o
 .note.GNU-stack
                0x0000000000000000        0x0 kernel/main.o
 .note.GNU-stack
                0x0000000000000000        0x0 kernel/clock.o
 .note.GNU-stack
                0x0000000000000000        0x0 kernel/keyboard.o
 .note.GNU-stack
                0x0000000000000000        0x0 kernel/tty.o
 .note.GNU-stack
                0x0000000000000000        0x0 kernel/console.o
 .note.GNU-stack
                0x0000000000000000        0x0 kernel/i8259.o
 .note.GNU-stack
                0x0000000000000000        0x0 kernel/global.o
 .note.GNU-stack
                0x0000000000000000        0x0 kernel/protect.o
 .note.GNU-stack
                0x0000000000000000        0x0 kernel/proc.o
 .note.GNU-stack
                0x0000000000000000        0x0 kernel/systask.o
 .note.GNU-stack
                0x0000000000000000        0x0 kernel/hd.o
 .note.GNU-stack
                0x0000000000000000        0x0 lib/printf.o
 .note.GNU-stack
                0x0000000000000000        0x0 lib/vsprintf.o
 .note.GNU-stack
                0x0000000000000000        0x0 lib/klib.o
 .note.GNU-stack
                0x0000000000000000        0x0 lib/misc.o
 .note.GNU-stack
                0x0000000000000000        0x0 lib/open.o
 .note.GNU-stack
                0x0000000000000000        0x0 lib/read.o
 .note.GNU-stack
                0x0000000000000000        0x0 lib/write.o
 .note.GNU-stack
                0x0000000000000000        0x0 lib/close.o
 .note.GNU-stack
                0x0000000000000000        0x0 lib/unlink.o
 .note.GNU-stack
                0x0000000000000000        0x0 lib/getpid.o
 .note.GNU-stack
                0x0000000000000000        0x0 lib/syslog.o
 .note.GNU-stack
                0x0000000000000000        0x0 fs/main.o
 .note.GNU-stack
                0x0000000000000000        0x0 fs/open.o
 .note.GNU-stack
                0x0000000000000000        0x0 fs/misc.o
 .note.GNU-stack
                0x0000000000000000        0x0 fs/read_write.o
 .note.GNU-stack
                0x0000000000000000        0x0 fs/link.o
 .note.GNU-stack
                0x0000000000000000        0x0 fs/disklog.o

内存配置

名称           来源             长度             属性
*default*        0x0000000000000000 0xffffffffffffffff

Linker script and memory map

段 .text 的地址设置为 0x1000
LOAD kernel/kernel.o
LOAD lib/syscall.o
LOAD kernel/start.o
LOAD kernel/main.o
LOAD kernel/clock.o
LOAD kernel/keyboard.o
LOAD kernel/tty.o
LOAD kernel/console.o
LOAD kernel/i8259.o
LOAD kernel/global.o
LOAD kernel/protect.o
LOAD kernel/proc.o
LOAD kernel/systask.o
LOAD kernel/hd.o
LOAD lib/printf.o
LOAD lib/vsprintf.o
LOAD lib/kliba.o
LOAD lib/klib.o
LOAD lib/string.o
LOAD lib/misc.o
LOAD lib/open.o
LOAD lib/read.o
LOAD lib/write.o
LOAD lib/close.o
LOAD lib/unlink.o
LOAD lib/getpid.o
LOAD lib/syslog.o
LOAD fs/main.o
LOAD fs/open.o
LOAD fs/misc.o
LOAD fs/read_write.o
LOAD fs/link.o
LOAD fs/disklog.o
                0x0000000008048000                PROVIDE (__executable_start, 0x8048000)
                0x0000000008048094                . = (0x8048000 + SIZEOF_HEADERS)

.interp
 *(.interp)

.note.gnu.build-id
 *(.note.gnu.build-id)

.hash
 *(.hash)

.gnu.hash
 *(.gnu.hash)

.dynsym
 *(.dynsym)

.dynstr
 *(.dynstr)

.gnu.version
 *(.gnu.version)

.gnu.version_d
 *(.gnu.version_d)

.gnu.version_r
 *(.gnu.version_r)

.rel.dyn        0x0000000008048094        0x0
 *(.rel.init)
 *(.rel.text .rel.text.* .rel.gnu.linkonce.t.*)
 .rel.text      0x0000000000000000        0x0 kernel/kernel.o
 *(.rel.fini)
 *(.rel.rodata .rel.rodata.* .rel.gnu.linkonce.r.*)
 *(.rel.data.rel.ro .rel.data.rel.ro.* .rel.gnu.linkonce.d.rel.ro.*)
 *(.rel.data .rel.data.* .rel.gnu.linkonce.d.*)
 .rel.data      0x0000000000000000        0x0 kernel/kernel.o
 *(.rel.tdata .rel.tdata.* .rel.gnu.linkonce.td.*)
 *(.rel.tbss .rel.tbss.* .rel.gnu.linkonce.tb.*)
 *(.rel.ctors)
 *(.rel.dtors)
 *(.rel.got)
 *(.rel.bss .rel.bss.* .rel.gnu.linkonce.b.*)
 *(.rel.ifunc)

.rel.plt        0x0000000008048094        0x0
 *(.rel.plt)
                0x0000000008048094                PROVIDE (__rel_iplt_start, .)
 *(.rel.iplt)
 .rel.iplt      0x0000000000000000        0x0 kernel/kernel.o
                0x0000000008048094                PROVIDE (__rel_iplt_end, .)

.init
 *(SORT(.init))

.plt            0x00000000080480a0        0x0
 *(.plt)
 *(.iplt)
 .iplt          0x0000000000000000        0x0 kernel/kernel.o

.text           0x0000000000001000     0xc0f1
 *(.text.unlikely .text.*_unlikely .text.unlikely.*)
 *(.text.exit .text.exit.*)
 *(.text.startup .text.startup.*)
 *(.text.hot .text.hot.*)
 *(.text .stub .text.* .gnu.linkonce.t.*)
 .text          0x0000000000001000      0x410 kernel/kernel.o
                0x0000000000001000                _start
                0x0000000000001040                hwint00
                0x0000000000001070                hwint01
                0x00000000000010a0                hwint02
                0x00000000000010d0                hwint03
                0x0000000000001100                hwint04
                0x0000000000001130                hwint05
                0x0000000000001160                hwint06
                0x0000000000001190                hwint07
                0x00000000000011c0                hwint08
                0x00000000000011f0                hwint09
                0x0000000000001220                hwint10
                0x0000000000001250                hwint11
                0x0000000000001280                hwint12
                0x00000000000012b0                hwint13
                0x00000000000012e0                hwint14
                0x0000000000001310                hwint15
                0x0000000000001334                divide_error
                0x000000000000133a                single_step_exception
                0x0000000000001340                nmi
                0x0000000000001346                breakpoint_exception
                0x000000000000134c                overflow
                0x0000000000001352                bounds_check
                0x0000000000001358                inval_opcode
                0x000000000000135e                copr_not_available
                0x0000000000001364                double_fault
                0x0000000000001368                copr_seg_overrun
                0x000000000000136e                inval_tss
                0x0000000000001372                segment_not_present
                0x0000000000001376                stack_exception
                0x000000000000137a                general_protection
                0x000000000000137e                page_fault
                0x0000000000001382                copr_error
                0x00000000000013cb                sys_call
                0x00000000000013eb                restart
 .text          0x0000000000001410       0x28 lib/syscall.o
                0x0000000000001410                sendrec
                0x000000000000142a                printx
 .text          0x0000000000001438       0x8e kernel/start.o
                0x0000000000001438                cstart
 .text          0x00000000000014c6     0x25c1 kernel/main.o
                0x00000000000014c6                kernel_main
                0x0000000000001748                get_ticks
                0x0000000000001780                TestA
                0x0000000000001b16                TestB
                0x0000000000001f8e                Init
                0x0000000000001fe9                PrintQP
                0x000000000000209e                IsWin
                0x0000000000002264                e_fun
                0x0000000000002635                AutoDone
                0x0000000000002c0c                UserInput
                0x0000000000002d22                TestC
                0x0000000000002d36                TTT
                0x0000000000002e91                panic
                0x0000000000002ee1                clear
                0x0000000000002f48                help
                0x0000000000002fb0                ProcessManage
                0x0000000000003049                Caculate
                0x0000000000003269                fileManager
                0x0000000000003a13                file_help
 .text          0x0000000000003a87      0x115 kernel/clock.o
                0x0000000000003a87                clock_handler
                0x0000000000003aff                milli_delay
                0x0000000000003b38                init_clock
 .text          0x0000000000003b9c      0x6cf kernel/keyboard.o
                0x0000000000003b9c                keyboard_handler
                0x0000000000003c02                init_keyboard
                0x0000000000003cb1                keyboard_read
 .text          0x000000000000426b      0x9d2 kernel/tty.o
                0x000000000000426b                task_tty
                0x000000000000441f                in_process
                0x0000000000004945                sys_printx
                0x0000000000004ae6                dump_tty_buf
 .text          0x0000000000004c3d      0x7da kernel/console.o
                0x0000000000004c3d                init_screen
                0x0000000000004da7                out_char
                0x0000000000005064                clear_screen
                0x000000000000509d                is_current_console
                0x00000000000050c0                set_cursor
                0x0000000000005129                set_video_start_addr
                0x0000000000005192                select_console
                0x00000000000051cd                scroll_screen
                0x00000000000053b1                flush
 .text          0x0000000000005417      0x13c kernel/i8259.o
                0x0000000000005417                init_8259A
                0x0000000000005508                spurious_irq
                0x0000000000005533                put_irq_handler
 .text          0x0000000000005553        0x0 kernel/global.o
 .text          0x0000000000005553      0x7e9 kernel/protect.o
                0x0000000000005553                init_prot
                0x0000000000005b54                seg2phys
                0x0000000000005c0f                exception_handler
 .text          0x0000000000005d3c     0x19b0 kernel/proc.o
                0x0000000000005d3c                schedule
                0x0000000000005dc7                sys_sendrec
                0x0000000000005f25                send_recv
                0x0000000000006005                ldt_seg_linear
                0x000000000000604f                va2la
                0x00000000000060be                reset_msg
                0x0000000000007078                inform_int
                0x000000000000720e                dump_proc
                0x00000000000075a5                dump_msg
 .text          0x00000000000076ec       0x95 kernel/systask.o
                0x00000000000076ec                task_sys
 .text          0x0000000000007781      0xe9e kernel/hd.o
                0x0000000000007781                task_hd
                0x00000000000085fa                hd_handler
 .text          0x000000000000861f       0xc0 lib/printf.o
                0x000000000000861f                printf
                0x000000000000869e                printl
 .text          0x00000000000086df      0x318 lib/vsprintf.o
                0x0000000000008742                vsprintf
                0x00000000000089cd                sprintf
 *fill*         0x00000000000089f7        0x9 
 .text          0x0000000000008a00      0x19a lib/kliba.o
                0x0000000000008a00                disp_str
                0x0000000000008a3e                disp_color_str
                0x0000000000008a7d                out_byte
                0x0000000000008a89                in_byte
                0x0000000000008a93                port_read
                0x0000000000008aa6                port_write
                0x0000000000008ab9                disable_irq
                0x0000000000008aee                enable_irq
                0x0000000000008b0d                disable_int
                0x0000000000008b0f                enable_int
                0x0000000000008b11                glitter
 .text          0x0000000000008b9a      0x1d2 lib/klib.o
                0x0000000000008b9a                itoa
                0x0000000000008c45                atoi
                0x0000000000008d01                disp_int
                0x0000000000008d26                delay
 *fill*         0x0000000000008d6c        0x4 
 .text          0x0000000000008d70       0x78 lib/string.o
                0x0000000000008d70                memcpy
                0x0000000000008d99                memset
                0x0000000000008dba                strcpy
                0x0000000000008dd2                strlen
 .text          0x0000000000008de8      0x1a8 lib/misc.o
                0x0000000000008de8                memcmp
                0x0000000000008e5e                strcmp
                0x0000000000008ed0                strcat
                0x0000000000008f2f                spin
                0x0000000000008f4a                assertion_failure
 .text          0x0000000000008f90       0x73 lib/open.o
                0x0000000000008f90                open
 .text          0x0000000000009003       0x3f lib/read.o
                0x0000000000009003                read
 .text          0x0000000000009042       0x3f lib/write.o
                0x0000000000009042                write
 .text          0x0000000000009081       0x33 lib/close.o
                0x0000000000009081                close
 .text          0x00000000000090b4       0x41 lib/unlink.o
                0x00000000000090b4                unlink
 .text          0x00000000000090f5       0x59 lib/getpid.o
                0x00000000000090f5                getpid
 .text          0x000000000000914e       0xdb lib/syslog.o
                0x000000000000914e                syslog
 .text          0x0000000000009229      0xeae fs/main.o
                0x0000000000009229                task_fs
                0x0000000000009b85                rw_sector
                0x0000000000009dc1                get_super_block
                0x0000000000009e07                get_inode
                0x0000000000009f75                put_inode
                0x0000000000009fba                sync_inode
 .text          0x000000000000a0d7      0xb4d fs/open.o
                0x000000000000a0d7                do_open
                0x000000000000a575                do_close
                0x000000000000a5cd                do_lseek
 .text          0x000000000000ac24      0x205 fs/misc.o
                0x000000000000ac24                search_file
                0x000000000000ad9d                strip_path
 .text          0x000000000000ae29      0x522 fs/read_write.o
                0x000000000000ae29                do_rdwt
 .text          0x000000000000b34b      0x8f6 fs/link.o
                0x000000000000b34b                do_unlink
 .text          0x000000000000bc41     0x14b0 fs/disklog.o
                0x000000000000bc41                do_disklog
                0x000000000000bcec                disklog
                0x000000000000c296                dump_fd_graph
 *(.gnu.warning)

.fini
 *(SORT(.fini))
                0x000000000000d0f1                PROVIDE (__etext, .)
                0x000000000000d0f1                PROVIDE (_etext, .)
                0x000000000000d0f1                PROVIDE (etext, .)

.rodata         0x000000000000d100     0x2c77
 *(.rodata .rodata.* .gnu.linkonce.r.*)
 .rodata        0x000000000000d100       0x47 kernel/start.o
 *fill*         0x000000000000d147        0x1 
 .rodata        0x000000000000d148      0xf6e kernel/main.o
                0x000000000000d8bc                NO_BLANK
                0x000000000000d8c0                TREE_DEPTH
                0x000000000000d8c4                NIL
 *fill*         0x000000000000e0b6        0x2 
 .rodata        0x000000000000e0b8       0x64 kernel/keyboard.o
 .rodata        0x000000000000e11c      0x13c kernel/tty.o
 .rodata        0x000000000000e258       0x5b kernel/console.o
 .rodata        0x000000000000e2b3       0x11 kernel/i8259.o
 .rodata        0x000000000000e2c4        0x4 kernel/global.o
                0x000000000000e2c4                FSBUF_SIZE
 *fill*         0x000000000000e2c8       0x18 
 .rodata        0x000000000000e2e0      0x540 kernel/protect.o
 .rodata        0x000000000000e820      0x62e kernel/proc.o
 .rodata        0x000000000000ee4e       0x11 kernel/systask.o
 *fill*         0x000000000000ee5f        0x1 
 .rodata        0x000000000000ee60      0x1ba kernel/hd.o
 .rodata        0x000000000000f01a       0x14 lib/printf.o
 *fill*         0x000000000000f02e        0x2 
 .rodata        0x000000000000f030       0x61 lib/misc.o
 .rodata        0x000000000000f091       0x23 lib/open.o
 .rodata        0x000000000000f0b4       0x25 lib/getpid.o
 .rodata        0x000000000000f0d9       0x32 lib/syslog.o
 *fill*         0x000000000000f10b        0x1 
 .rodata        0x000000000000f10c      0x206 fs/main.o
 *fill*         0x000000000000f312        0x2 
 .rodata        0x000000000000f314      0x138 fs/open.o
 .rodata        0x000000000000f44c      0x164 fs/read_write.o
 .rodata        0x000000000000f5b0      0x19d fs/link.o
 *fill*         0x000000000000f74d        0x3 
 .rodata        0x000000000000f750      0x627 fs/disklog.o

.rodata1
 *(.rodata1)

.eh_frame_hdr
 *(.eh_frame_hdr)

.eh_frame       0x000000000000fd78     0x11f4
 *(.eh_frame)
 .eh_frame      0x000000000000fd78       0x38 kernel/start.o
 .eh_frame      0x000000000000fdb0      0x2bc kernel/main.o
                                        0x2d4 (size before relaxing)
 .eh_frame      0x000000000001006c       0x60 kernel/clock.o
                                         0x78 (size before relaxing)
 .eh_frame      0x00000000000100cc       0xe0 kernel/keyboard.o
                                         0xf8 (size before relaxing)
 .eh_frame      0x00000000000101ac      0x13c kernel/tty.o
                                        0x154 (size before relaxing)
 .eh_frame      0x00000000000102e8      0x148 kernel/console.o
                                        0x160 (size before relaxing)
 .eh_frame      0x0000000000010430       0x60 kernel/i8259.o
                                         0x78 (size before relaxing)
 .eh_frame      0x0000000000010490       0xb0 kernel/protect.o
                                         0xc8 (size before relaxing)
 .eh_frame      0x0000000000010540      0x1e0 kernel/proc.o
                                        0x1f8 (size before relaxing)
 .eh_frame      0x0000000000010720       0x1c kernel/systask.o
                                         0x34 (size before relaxing)
 .eh_frame      0x000000000001073c      0x210 kernel/hd.o
                                        0x228 (size before relaxing)
 .eh_frame      0x000000000001094c       0x40 lib/printf.o
                                         0x58 (size before relaxing)
 .eh_frame      0x000000000001098c       0x68 lib/vsprintf.o
                                         0x80 (size before relaxing)
 .eh_frame      0x00000000000109f4       0x80 lib/klib.o
                                         0x98 (size before relaxing)
 .eh_frame      0x0000000000010a74       0x9c lib/misc.o
                                         0xb4 (size before relaxing)
 .eh_frame      0x0000000000010b10       0x20 lib/open.o
                                         0x38 (size before relaxing)
 .eh_frame      0x0000000000010b30       0x20 lib/read.o
                                         0x38 (size before relaxing)
 .eh_frame      0x0000000000010b50       0x20 lib/write.o
                                         0x38 (size before relaxing)
 .eh_frame      0x0000000000010b70       0x20 lib/close.o
                                         0x38 (size before relaxing)
 .eh_frame      0x0000000000010b90       0x20 lib/unlink.o
                                         0x38 (size before relaxing)
 .eh_frame      0x0000000000010bb0       0x20 lib/getpid.o
                                         0x38 (size before relaxing)
 .eh_frame      0x0000000000010bd0       0x20 lib/syslog.o
                                         0x38 (size before relaxing)
 .eh_frame      0x0000000000010bf0      0x134 fs/main.o
                                        0x14c (size before relaxing)
 .eh_frame      0x0000000000010d24      0x128 fs/open.o
                                        0x140 (size before relaxing)
 .eh_frame      0x0000000000010e4c       0x48 fs/misc.o
                                         0x60 (size before relaxing)
 .eh_frame      0x0000000000010e94       0x2c fs/read_write.o
                                         0x44 (size before relaxing)
 .eh_frame      0x0000000000010ec0       0x2c fs/link.o
                                         0x44 (size before relaxing)
 .eh_frame      0x0000000000010eec       0x80 fs/disklog.o
                                         0x98 (size before relaxing)

.gcc_except_table
 *(.gcc_except_table .gcc_except_table.*)

.exception_ranges
 *(.exception_ranges .exception_ranges*)
                0x0000000000010f6c                . = (ALIGN (0x1000) - ((0x1000 - .) & 0xfff))
                0x0000000000011000                . = DATA_SEGMENT_ALIGN (0x1000, 0x1000)

.eh_frame
 *(.eh_frame)

.gcc_except_table
 *(.gcc_except_table .gcc_except_table.*)

.exception_ranges
 *(.exception_ranges .exception_ranges*)

.tdata
 *(.tdata .tdata.* .gnu.linkonce.td.*)

.tbss
 *(.tbss .tbss.* .gnu.linkonce.tb.*)
 *(.tcommon)

.preinit_array  0x0000000000011000        0x0
                0x0000000000011000                PROVIDE (__preinit_array_start, .)
 *(.preinit_array)
                0x0000000000011000                PROVIDE (__preinit_array_end, .)

.init_array     0x0000000000011000        0x0
                0x0000000000011000                PROVIDE (__init_array_start, .)
 *(SORT(.init_array.*) SORT(.ctors.*))
 *(.init_array EXCLUDE_FILE(*crtend?.o *crtend.o *crtbegin?.o *crtbegin.o) .ctors)
                0x0000000000011000                PROVIDE (__init_array_end, .)

.fini_array     0x0000000000011000        0x0
                0x0000000000011000                PROVIDE (__fini_array_start, .)
 *(SORT(.fini_array.*) SORT(.dtors.*))
 *(.fini_array EXCLUDE_FILE(*crtend?.o *crtend.o *crtbegin?.o *crtbegin.o) .dtors)
                0x0000000000011000                PROVIDE (__fini_array_end, .)

.ctors
 *crtbegin.o(.ctors)
 *crtbegin?.o(.ctors)
 *(EXCLUDE_FILE(*crtend?.o *crtend.o) .ctors)
 *(SORT(.ctors.*))
 *(.ctors)

.dtors
 *crtbegin.o(.dtors)
 *crtbegin?.o(.dtors)
 *(EXCLUDE_FILE(*crtend?.o *crtend.o) .dtors)
 *(SORT(.dtors.*))
 *(.dtors)

.jcr
 *(.jcr)

.data.rel.ro
 *(.data.rel.ro.local* .gnu.linkonce.d.rel.ro.local.*)
 *(.data.rel.ro .data.rel.ro.* .gnu.linkonce.d.rel.ro.*)

.dynamic
 *(.dynamic)

.got
 *(.got)
 *(.igot)
                0x0000000000011000                . = DATA_SEGMENT_RELRO_END (., (SIZEOF (.got.plt) >= 0xc)?0xc:0x0)

.got.plt        0x0000000000011000        0x0
 *(.got.plt)
 *(.igot.plt)
 .igot.plt      0x0000000000000000        0x0 kernel/kernel.o

.data           0x0000000000011000      0x7a0
 *(.data .data.* .gnu.linkonce.d.*)
 .data          0x0000000000011000        0x2 kernel/kernel.o
 .data          0x0000000000011002        0x0 kernel/start.o
 .data          0x0000000000011002        0x0 kernel/main.o
 .data          0x0000000000011002        0x0 kernel/clock.o
 *fill*         0x0000000000011002       0x1e 
 .data          0x0000000000011020      0x600 kernel/keyboard.o
                0x0000000000011020                keymap
 .data          0x0000000000011620       0x22 kernel/tty.o
 .data          0x0000000000011642        0x0 kernel/console.o
 .data          0x0000000000011642        0x0 kernel/i8259.o
 *fill*         0x0000000000011642       0x1e 
 .data          0x0000000000011660      0x140 kernel/global.o
                0x0000000000011660                task_table
                0x0000000000011700                user_proc_table
                0x0000000000011778                sys_call_table
                0x0000000000011784                dd_map
                0x000000000001179c                fsbuf
 .data          0x00000000000117a0        0x0 kernel/protect.o
 .data          0x00000000000117a0        0x0 kernel/proc.o
 .data          0x00000000000117a0        0x0 kernel/systask.o
 .data          0x00000000000117a0        0x0 kernel/hd.o
 .data          0x00000000000117a0        0x0 lib/printf.o
 .data          0x00000000000117a0        0x0 lib/vsprintf.o
 .data          0x00000000000117a0        0x0 lib/klib.o
 .data          0x00000000000117a0        0x0 lib/misc.o
 .data          0x00000000000117a0        0x0 lib/open.o
 .data          0x00000000000117a0        0x0 lib/read.o
 .data          0x00000000000117a0        0x0 lib/write.o
 .data          0x00000000000117a0        0x0 lib/close.o
 .data          0x00000000000117a0        0x0 lib/unlink.o
 .data          0x00000000000117a0        0x0 lib/getpid.o
 .data          0x00000000000117a0        0x0 lib/syslog.o
 .data          0x00000000000117a0        0x0 fs/main.o
 .data          0x00000000000117a0        0x0 fs/open.o
 .data          0x00000000000117a0        0x0 fs/misc.o
 .data          0x00000000000117a0        0x0 fs/read_write.o
 .data          0x00000000000117a0        0x0 fs/link.o
 .data          0x00000000000117a0        0x0 fs/disklog.o

.data1
 *(.data1)
                0x00000000000117a0                _edata = .
                0x00000000000117a0                PROVIDE (edata, .)
                0x00000000000117a0                . = .
                0x00000000000117a0                __bss_start = .

.bss            0x00000000000117a0    0x513d0
 *(.dynbss)
 *(.bss .bss.* .gnu.linkonce.b.*)
 .bss           0x00000000000117a0      0x800 kernel/kernel.o
 .bss           0x0000000000011fa0        0x0 kernel/start.o
 .bss           0x0000000000011fa0       0xb8 kernel/main.o
                0x0000000000011fa0                file_count
                0x0000000000011fa4                filename_1
                0x0000000000011fc0                content_1
                0x0000000000011ff2                filename_2
                0x0000000000012020                content_2
 .bss           0x0000000000012058        0x0 kernel/clock.o
 *fill*         0x0000000000012058        0x8 
 .bss           0x0000000000012060       0x58 kernel/keyboard.o
 .bss           0x00000000000120b8        0x0 kernel/tty.o
 .bss           0x00000000000120b8        0x0 kernel/console.o
 .bss           0x00000000000120b8        0x0 kernel/i8259.o
 .bss           0x00000000000120b8        0x0 kernel/global.o
 .bss           0x00000000000120b8        0x0 kernel/protect.o
 .bss           0x00000000000120b8        0x0 kernel/proc.o
 .bss           0x00000000000120b8        0x0 kernel/systask.o
 *fill*         0x00000000000120b8        0x8 
 .bss           0x00000000000120c0      0x64c kernel/hd.o
 .bss           0x000000000001270c        0x0 lib/printf.o
 .bss           0x000000000001270c        0x0 lib/vsprintf.o
 .bss           0x000000000001270c        0x0 lib/klib.o
 .bss           0x000000000001270c        0x0 lib/misc.o
 .bss           0x000000000001270c        0x0 lib/open.o
 .bss           0x000000000001270c        0x0 lib/read.o
 .bss           0x000000000001270c        0x0 lib/write.o
 .bss           0x000000000001270c        0x0 lib/close.o
 .bss           0x000000000001270c        0x0 lib/unlink.o
 .bss           0x000000000001270c        0x0 lib/getpid.o
 .bss           0x000000000001270c        0x0 lib/syslog.o
 .bss           0x000000000001270c        0x0 fs/main.o
 .bss           0x000000000001270c        0x0 fs/open.o
 .bss           0x000000000001270c        0x0 fs/misc.o
 .bss           0x000000000001270c        0x0 fs/read_write.o
 .bss           0x000000000001270c        0x0 fs/link.o
 *fill*         0x000000000001270c       0x14 
 .bss           0x0000000000012720      0x208 fs/disklog.o
 *(COMMON)
 *fill*         0x0000000000012928       0x18 
 COMMON         0x0000000000012940    0x14880 kernel/main.o
                0x0000000000012940                f
                0x0000000000012960                tmpQP
                0x00000000000129a0                States
 COMMON         0x00000000000271c0    0x3b99e kernel/global.o
                0x00000000000271c0                idt_ptr
                0x00000000000271e0                inode_table
                0x0000000000027ce0                task_stack
                0x000000000005fce0                k_reenter
                0x000000000005fd00                gdt
                0x0000000000060100                current_console
                0x0000000000060104                pcaller
                0x0000000000060120                tty_table
                0x00000000000611c0                tss
                0x0000000000061240                fs_msg
                0x0000000000061280                f_desc_table
                0x0000000000061580                root_inode
                0x0000000000061584                disp_pos
                0x0000000000061588                key_pressed
                0x000000000006158c                gdt_ptr
                0x00000000000615a0                idt
                0x0000000000061da0                super_block
                0x0000000000061f80                ticks
                0x0000000000061fa0                console_table
                0x0000000000062000                irq_table
                0x0000000000062040                p_proc_ready
                0x0000000000062060                proc_table
 COMMON         0x0000000000062b5e       0x10 kernel/hd.o
                0x0000000000062b5e                PARTITION_ENTRY
                0x0000000000062b70                . = ALIGN ((. != 0x0)?0x4:0x1)
 *fill*         0x0000000000062b6e        0x2 
                0x0000000000062b70                . = ALIGN (0x4)
                0x0000000000062b70                . = SEGMENT_START ("ldata-segment", .)
                0x0000000000062b70                . = ALIGN (0x4)
                0x0000000000062b70                _end = .
                0x0000000000062b70                PROVIDE (end, .)
                0x0000000000062b70                . = DATA_SEGMENT_END (.)

.stab
 *(.stab)

.stabstr
 *(.stabstr)

.stab.excl
 *(.stab.excl)

.stab.exclstr
 *(.stab.exclstr)

.stab.index
 *(.stab.index)

.stab.indexstr
 *(.stab.indexstr)

.comment        0x0000000000000000       0x29
 *(.comment)
 .comment       0x0000000000000000       0x29 kernel/start.o
                                         0x2a (size before relaxing)
 .comment       0x0000000000000000       0x2a kernel/main.o
 .comment       0x0000000000000000       0x2a kernel/clock.o
 .comment       0x0000000000000000       0x2a kernel/keyboard.o
 .comment       0x0000000000000000       0x2a kernel/tty.o
 .comment       0x0000000000000000       0x2a kernel/console.o
 .comment       0x0000000000000000       0x2a kernel/i8259.o
 .comment       0x0000000000000000       0x2a kernel/global.o
 .comment       0x0000000000000000       0x2a kernel/protect.o
 .comment       0x0000000000000000       0x2a kernel/proc.o
 .comment       0x0000000000000000       0x2a kernel/systask.o
 .comment       0x0000000000000000       0x2a kernel/hd.o
 .comment       0x0000000000000000       0x2a lib/printf.o
 .comment       0x0000000000000000       0x2a lib/vsprintf.o
 .comment       0x0000000000000000       0x2a lib/klib.o
 .comment       0x0000000000000000       0x2a lib/misc.o
 .comment       0x0000000000000000       0x2a lib/open.o
 .comment       0x0000000000000000       0x2a lib/read.o
 .comment       0x0000000000000000       0x2a lib/write.o
 .comment       0x0000000000000000       0x2a lib/close.o
 .comment       0x0000000000000000       0x2a lib/unlink.o
 .comment       0x0000000000000000       0x2a lib/getpid.o
 .comment       0x0000000000000000       0x2a lib/syslog.o
 .comment       0x0000000000000000       0x2a fs/main.o
 .comment       0x0000000000000000       0x2a fs/open.o
 .comment       0x0000000000000000       0x2a fs/misc.o
 .comment       0x0000000000000000       0x2a fs/read_write.o
 .comment       0x0000000000000000       0x2a fs/link.o
 .comment       0x0000000000000000       0x2a fs/disklog.o

.debug
 *(.debug)

.line
 *(.line)

.debug_srcinfo
 *(.debug_srcinfo)

.debug_sfnames
 *(.debug_sfnames)

.debug_aranges
 *(.debug_aranges)

.debug_pubnames
 *(.debug_pubnames)

.debug_info
 *(.debug_info .gnu.linkonce.wi.*)

.debug_abbrev
 *(.debug_abbrev)

.debug_line
 *(.debug_line .debug_line.* .debug_line_end)

.debug_frame
 *(.debug_frame)

.debug_str
 *(.debug_str)

.debug_loc
 *(.debug_loc)

.debug_macinfo
 *(.debug_macinfo)

.debug_weaknames
 *(.debug_weaknames)

.debug_funcnames
 *(.debug_funcnames)

.debug_typenames
 *(.debug_typenames)

.debug_varnames
 *(.debug_varnames)

.debug_pubtypes
 *(.debug_pubtypes)

.debug_ranges
 *(.debug_ranges)

.debug_macro
 *(.debug_macro)

.gnu.attributes
 *(.gnu.attributes)

/DISCARD/
 *(.note.GNU-stack)
 *(.gnu_debuglink)
 *(.gnu.lto_*)
OUTPUT(kernel.bin elf32-i386)
