
分配公共符号
公共符号            大小              文件

idt_ptr             0x6               kernel/global.o
inode_table         0xb00             kernel/global.o
task_stack          0x38000           kernel/global.o
f                   0x10              kernel/main.o
k_reenter           0x4               kernel/global.o
gdt                 0x400             kernel/global.o
current_console     0x4               kernel/global.o
pcaller             0x4               kernel/global.o
tty_table           0x1090            kernel/global.o
tss                 0x68              kernel/global.o
fs_msg              0x30              kernel/global.o
f_desc_table        0x300             kernel/global.o
root_inode          0x4               kernel/global.o
disp_pos            0x4               kernel/global.o
key_pressed         0x4               kernel/global.o
gdt_ptr             0x6               kernel/global.o
idt                 0x800             kernel/global.o
super_block         0x1e0             kernel/global.o
PARTITION_ENTRY     0x10              kernel/hd.o
ticks               0x4               kernel/global.o
console_table       0x50              kernel/global.o
irq_table           0x40              kernel/global.o
p_proc_ready        0x4               kernel/global.o
proc_table          0xafe             kernel/global.o

Discarded input sections

 .note.GNU-stack
                0x0000000000000000        0x0 kernel/start.o
 .note.GNU-stack
                0x0000000000000000        0x0 kernel/main.o
 .note.GNU-stack
                0x0000000000000000        0x0 kernel/clock.o
 .note.GNU-stack
                0x0000000000000000        0x0 kernel/keyboard.o
 .note.GNU-stack
                0x0000000000000000        0x0 kernel/tty.o
 .note.GNU-stack
                0x0000000000000000        0x0 kernel/console.o
 .note.GNU-stack
                0x0000000000000000        0x0 kernel/i8259.o
 .note.GNU-stack
                0x0000000000000000        0x0 kernel/global.o
 .note.GNU-stack
                0x0000000000000000        0x0 kernel/protect.o
 .note.GNU-stack
                0x0000000000000000        0x0 kernel/proc.o
 .note.GNU-stack
                0x0000000000000000        0x0 kernel/systask.o
 .note.GNU-stack
                0x0000000000000000        0x0 kernel/hd.o
 .note.GNU-stack
                0x0000000000000000        0x0 lib/printf.o
 .note.GNU-stack
                0x0000000000000000        0x0 lib/vsprintf.o
 .note.GNU-stack
                0x0000000000000000        0x0 lib/klib.o
 .note.GNU-stack
                0x0000000000000000        0x0 lib/misc.o
 .note.GNU-stack
                0x0000000000000000        0x0 lib/open.o
 .note.GNU-stack
                0x0000000000000000        0x0 lib/read.o
 .note.GNU-stack
                0x0000000000000000        0x0 lib/write.o
 .note.GNU-stack
                0x0000000000000000        0x0 lib/close.o
 .note.GNU-stack
                0x0000000000000000        0x0 lib/unlink.o
 .note.GNU-stack
                0x0000000000000000        0x0 lib/getpid.o
 .note.GNU-stack
                0x0000000000000000        0x0 lib/syslog.o
 .note.GNU-stack
                0x0000000000000000        0x0 fs/main.o
 .note.GNU-stack
                0x0000000000000000        0x0 fs/open.o
 .note.GNU-stack
                0x0000000000000000        0x0 fs/misc.o
 .note.GNU-stack
                0x0000000000000000        0x0 fs/read_write.o
 .note.GNU-stack
                0x0000000000000000        0x0 fs/link.o
 .note.GNU-stack
                0x0000000000000000        0x0 fs/disklog.o

内存配置

名称           来源             长度             属性
*default*        0x0000000000000000 0xffffffffffffffff

Linker script and memory map

段 .text 的地址设置为 0x1000
LOAD kernel/kernel.o
LOAD lib/syscall.o
LOAD kernel/start.o
LOAD kernel/main.o
LOAD kernel/clock.o
LOAD kernel/keyboard.o
LOAD kernel/tty.o
LOAD kernel/console.o
LOAD kernel/i8259.o
LOAD kernel/global.o
LOAD kernel/protect.o
LOAD kernel/proc.o
LOAD kernel/systask.o
LOAD kernel/hd.o
LOAD lib/printf.o
LOAD lib/vsprintf.o
LOAD lib/kliba.o
LOAD lib/klib.o
LOAD lib/string.o
LOAD lib/misc.o
LOAD lib/open.o
LOAD lib/read.o
LOAD lib/write.o
LOAD lib/close.o
LOAD lib/unlink.o
LOAD lib/getpid.o
LOAD lib/syslog.o
LOAD fs/main.o
LOAD fs/open.o
LOAD fs/misc.o
LOAD fs/read_write.o
LOAD fs/link.o
LOAD fs/disklog.o
                0x0000000008048000                PROVIDE (__executable_start, 0x8048000)
                0x0000000008048094                . = (0x8048000 + SIZEOF_HEADERS)

.interp
 *(.interp)

.note.gnu.build-id
 *(.note.gnu.build-id)

.hash
 *(.hash)

.gnu.hash
 *(.gnu.hash)

.dynsym
 *(.dynsym)

.dynstr
 *(.dynstr)

.gnu.version
 *(.gnu.version)

.gnu.version_d
 *(.gnu.version_d)

.gnu.version_r
 *(.gnu.version_r)

.rel.dyn        0x0000000008048094        0x0
 *(.rel.init)
 *(.rel.text .rel.text.* .rel.gnu.linkonce.t.*)
 .rel.text      0x0000000000000000        0x0 kernel/kernel.o
 *(.rel.fini)
 *(.rel.rodata .rel.rodata.* .rel.gnu.linkonce.r.*)
 *(.rel.data.rel.ro .rel.data.rel.ro.* .rel.gnu.linkonce.d.rel.ro.*)
 *(.rel.data .rel.data.* .rel.gnu.linkonce.d.*)
 .rel.data      0x0000000000000000        0x0 kernel/kernel.o
 *(.rel.tdata .rel.tdata.* .rel.gnu.linkonce.td.*)
 *(.rel.tbss .rel.tbss.* .rel.gnu.linkonce.tb.*)
 *(.rel.ctors)
 *(.rel.dtors)
 *(.rel.got)
 *(.rel.bss .rel.bss.* .rel.gnu.linkonce.b.*)
 *(.rel.ifunc)

.rel.plt        0x0000000008048094        0x0
 *(.rel.plt)
                0x0000000008048094                PROVIDE (__rel_iplt_start, .)
 *(.rel.iplt)
 .rel.iplt      0x0000000000000000        0x0 kernel/kernel.o
                0x0000000008048094                PROVIDE (__rel_iplt_end, .)

.init
 *(SORT(.init))

.plt            0x00000000080480a0        0x0
 *(.plt)
 *(.iplt)
 .iplt          0x0000000000000000        0x0 kernel/kernel.o

.text           0x0000000000001000     0xb581
 *(.text.unlikely .text.*_unlikely .text.unlikely.*)
 *(.text.exit .text.exit.*)
 *(.text.startup .text.startup.*)
 *(.text.hot .text.hot.*)
 *(.text .stub .text.* .gnu.linkonce.t.*)
 .text          0x0000000000001000      0x410 kernel/kernel.o
                0x0000000000001000                _start
                0x0000000000001040                hwint00
                0x0000000000001070                hwint01
                0x00000000000010a0                hwint02
                0x00000000000010d0                hwint03
                0x0000000000001100                hwint04
                0x0000000000001130                hwint05
                0x0000000000001160                hwint06
                0x0000000000001190                hwint07
                0x00000000000011c0                hwint08
                0x00000000000011f0                hwint09
                0x0000000000001220                hwint10
                0x0000000000001250                hwint11
                0x0000000000001280                hwint12
                0x00000000000012b0                hwint13
                0x00000000000012e0                hwint14
                0x0000000000001310                hwint15
                0x0000000000001334                divide_error
                0x000000000000133a                single_step_exception
                0x0000000000001340                nmi
                0x0000000000001346                breakpoint_exception
                0x000000000000134c                overflow
                0x0000000000001352                bounds_check
                0x0000000000001358                inval_opcode
                0x000000000000135e                copr_not_available
                0x0000000000001364                double_fault
                0x0000000000001368                copr_seg_overrun
                0x000000000000136e                inval_tss
                0x0000000000001372                segment_not_present
                0x0000000000001376                stack_exception
                0x000000000000137a                general_protection
                0x000000000000137e                page_fault
                0x0000000000001382                copr_error
                0x00000000000013cb                sys_call
                0x00000000000013eb                restart
 .text          0x0000000000001410       0x28 lib/syscall.o
                0x0000000000001410                sendrec
                0x000000000000142a                printx
 .text          0x0000000000001438       0x8e kernel/start.o
                0x0000000000001438                cstart
 .text          0x00000000000014c6     0x1a50 kernel/main.o
                0x00000000000014c6                kernel_main
                0x0000000000001748                get_ticks
                0x0000000000001780                TestA
                0x0000000000001ac1                TestB
                0x0000000000001ac6                TestC
                0x0000000000001ada                panic
                0x0000000000001b2a                clear
                0x0000000000001b91                help
                0x0000000000001bf9                Caculate
                0x0000000000001edf                fileManager
                0x0000000000002723                file_help
                0x0000000000002797                ProcessManage
                0x0000000000002e3a                test1
                0x0000000000002e66                test2
                0x0000000000002e92                test3
                0x0000000000002ebe                test4
                0x0000000000002eea                test5
 .text          0x0000000000002f16      0x115 kernel/clock.o
                0x0000000000002f16                clock_handler
                0x0000000000002f8e                milli_delay
                0x0000000000002fc7                init_clock
 .text          0x000000000000302b      0x6cf kernel/keyboard.o
                0x000000000000302b                keyboard_handler
                0x0000000000003091                init_keyboard
                0x0000000000003140                keyboard_read
 .text          0x00000000000036fa      0x9d2 kernel/tty.o
                0x00000000000036fa                task_tty
                0x00000000000038ae                in_process
                0x0000000000003dd4                sys_printx
                0x0000000000003f75                dump_tty_buf
 .text          0x00000000000040cc      0x7da kernel/console.o
                0x00000000000040cc                init_screen
                0x0000000000004236                out_char
                0x00000000000044f3                clear_screen
                0x000000000000452c                is_current_console
                0x000000000000454f                set_cursor
                0x00000000000045b8                set_video_start_addr
                0x0000000000004621                select_console
                0x000000000000465c                scroll_screen
                0x0000000000004840                flush
 .text          0x00000000000048a6      0x13c kernel/i8259.o
                0x00000000000048a6                init_8259A
                0x0000000000004997                spurious_irq
                0x00000000000049c2                put_irq_handler
 .text          0x00000000000049e2        0x0 kernel/global.o
 .text          0x00000000000049e2      0x7e9 kernel/protect.o
                0x00000000000049e2                init_prot
                0x0000000000004fe3                seg2phys
                0x000000000000509e                exception_handler
 .text          0x00000000000051cb     0x19b0 kernel/proc.o
                0x00000000000051cb                schedule
                0x0000000000005256                sys_sendrec
                0x00000000000053b4                send_recv
                0x0000000000005494                ldt_seg_linear
                0x00000000000054de                va2la
                0x000000000000554d                reset_msg
                0x0000000000006507                inform_int
                0x000000000000669d                dump_proc
                0x0000000000006a34                dump_msg
 .text          0x0000000000006b7b       0x95 kernel/systask.o
                0x0000000000006b7b                task_sys
 .text          0x0000000000006c10      0xe9e kernel/hd.o
                0x0000000000006c10                task_hd
                0x0000000000007a89                hd_handler
 .text          0x0000000000007aae       0xc0 lib/printf.o
                0x0000000000007aae                printf
                0x0000000000007b2d                printl
 .text          0x0000000000007b6e      0x318 lib/vsprintf.o
                0x0000000000007bd1                vsprintf
                0x0000000000007e5c                sprintf
 *fill*         0x0000000000007e86        0xa 
 .text          0x0000000000007e90      0x19a lib/kliba.o
                0x0000000000007e90                disp_str
                0x0000000000007ece                disp_color_str
                0x0000000000007f0d                out_byte
                0x0000000000007f19                in_byte
                0x0000000000007f23                port_read
                0x0000000000007f36                port_write
                0x0000000000007f49                disable_irq
                0x0000000000007f7e                enable_irq
                0x0000000000007f9d                disable_int
                0x0000000000007f9f                enable_int
                0x0000000000007fa1                glitter
 .text          0x000000000000802a      0x1d2 lib/klib.o
                0x000000000000802a                itoa
                0x00000000000080d5                atoi
                0x0000000000008191                disp_int
                0x00000000000081b6                delay
 *fill*         0x00000000000081fc        0x4 
 .text          0x0000000000008200       0x78 lib/string.o
                0x0000000000008200                memcpy
                0x0000000000008229                memset
                0x000000000000824a                strcpy
                0x0000000000008262                strlen
 .text          0x0000000000008278      0x1a8 lib/misc.o
                0x0000000000008278                memcmp
                0x00000000000082ee                strcmp
                0x0000000000008360                strcat
                0x00000000000083bf                spin
                0x00000000000083da                assertion_failure
 .text          0x0000000000008420       0x73 lib/open.o
                0x0000000000008420                open
 .text          0x0000000000008493       0x3f lib/read.o
                0x0000000000008493                read
 .text          0x00000000000084d2       0x3f lib/write.o
                0x00000000000084d2                write
 .text          0x0000000000008511       0x33 lib/close.o
                0x0000000000008511                close
 .text          0x0000000000008544       0x41 lib/unlink.o
                0x0000000000008544                unlink
 .text          0x0000000000008585       0x59 lib/getpid.o
                0x0000000000008585                getpid
 .text          0x00000000000085de       0xdb lib/syslog.o
                0x00000000000085de                syslog
 .text          0x00000000000086b9      0xeae fs/main.o
                0x00000000000086b9                task_fs
                0x0000000000009015                rw_sector
                0x0000000000009251                get_super_block
                0x0000000000009297                get_inode
                0x0000000000009405                put_inode
                0x000000000000944a                sync_inode
 .text          0x0000000000009567      0xb4d fs/open.o
                0x0000000000009567                do_open
                0x0000000000009a05                do_close
                0x0000000000009a5d                do_lseek
 .text          0x000000000000a0b4      0x205 fs/misc.o
                0x000000000000a0b4                search_file
                0x000000000000a22d                strip_path
 .text          0x000000000000a2b9      0x522 fs/read_write.o
                0x000000000000a2b9                do_rdwt
 .text          0x000000000000a7db      0x8f6 fs/link.o
                0x000000000000a7db                do_unlink
 .text          0x000000000000b0d1     0x14b0 fs/disklog.o
                0x000000000000b0d1                do_disklog
                0x000000000000b17c                disklog
                0x000000000000b726                dump_fd_graph
 *(.gnu.warning)

.fini
 *(SORT(.fini))
                0x000000000000c581                PROVIDE (__etext, .)
                0x000000000000c581                PROVIDE (_etext, .)
                0x000000000000c581                PROVIDE (etext, .)

.rodata         0x000000000000c5a0     0x2937
 *(.rodata .rodata.* .gnu.linkonce.r.*)
 .rodata        0x000000000000c5a0       0x47 kernel/start.o
 *fill*         0x000000000000c5e7        0x1 
 .rodata        0x000000000000c5e8      0xc34 kernel/main.o
 .rodata        0x000000000000d21c       0x64 kernel/keyboard.o
 .rodata        0x000000000000d280      0x13c kernel/tty.o
 .rodata        0x000000000000d3bc       0x5b kernel/console.o
 .rodata        0x000000000000d417       0x11 kernel/i8259.o
 .rodata        0x000000000000d428        0x4 kernel/global.o
                0x000000000000d428                FSBUF_SIZE
 *fill*         0x000000000000d42c       0x14 
 .rodata        0x000000000000d440      0x540 kernel/protect.o
 .rodata        0x000000000000d980      0x62e kernel/proc.o
 .rodata        0x000000000000dfae       0x11 kernel/systask.o
 *fill*         0x000000000000dfbf        0x1 
 .rodata        0x000000000000dfc0      0x1ba kernel/hd.o
 .rodata        0x000000000000e17a       0x14 lib/printf.o
 *fill*         0x000000000000e18e        0x2 
 .rodata        0x000000000000e190       0x61 lib/misc.o
 .rodata        0x000000000000e1f1       0x23 lib/open.o
 .rodata        0x000000000000e214       0x25 lib/getpid.o
 .rodata        0x000000000000e239       0x32 lib/syslog.o
 *fill*         0x000000000000e26b        0x1 
 .rodata        0x000000000000e26c      0x206 fs/main.o
 *fill*         0x000000000000e472        0x2 
 .rodata        0x000000000000e474      0x138 fs/open.o
 .rodata        0x000000000000e5ac      0x164 fs/read_write.o
 .rodata        0x000000000000e710      0x19d fs/link.o
 *fill*         0x000000000000e8ad        0x3 
 .rodata        0x000000000000e8b0      0x627 fs/disklog.o

.rodata1
 *(.rodata1)

.eh_frame_hdr
 *(.eh_frame_hdr)

.eh_frame       0x000000000000eed8     0x116c
 *(.eh_frame)
 .eh_frame      0x000000000000eed8       0x38 kernel/start.o
 .eh_frame      0x000000000000ef10      0x234 kernel/main.o
                                        0x24c (size before relaxing)
 .eh_frame      0x000000000000f144       0x60 kernel/clock.o
                                         0x78 (size before relaxing)
 .eh_frame      0x000000000000f1a4       0xe0 kernel/keyboard.o
                                         0xf8 (size before relaxing)
 .eh_frame      0x000000000000f284      0x13c kernel/tty.o
                                        0x154 (size before relaxing)
 .eh_frame      0x000000000000f3c0      0x148 kernel/console.o
                                        0x160 (size before relaxing)
 .eh_frame      0x000000000000f508       0x60 kernel/i8259.o
                                         0x78 (size before relaxing)
 .eh_frame      0x000000000000f568       0xb0 kernel/protect.o
                                         0xc8 (size before relaxing)
 .eh_frame      0x000000000000f618      0x1e0 kernel/proc.o
                                        0x1f8 (size before relaxing)
 .eh_frame      0x000000000000f7f8       0x1c kernel/systask.o
                                         0x34 (size before relaxing)
 .eh_frame      0x000000000000f814      0x210 kernel/hd.o
                                        0x228 (size before relaxing)
 .eh_frame      0x000000000000fa24       0x40 lib/printf.o
                                         0x58 (size before relaxing)
 .eh_frame      0x000000000000fa64       0x68 lib/vsprintf.o
                                         0x80 (size before relaxing)
 .eh_frame      0x000000000000facc       0x80 lib/klib.o
                                         0x98 (size before relaxing)
 .eh_frame      0x000000000000fb4c       0x9c lib/misc.o
                                         0xb4 (size before relaxing)
 .eh_frame      0x000000000000fbe8       0x20 lib/open.o
                                         0x38 (size before relaxing)
 .eh_frame      0x000000000000fc08       0x20 lib/read.o
                                         0x38 (size before relaxing)
 .eh_frame      0x000000000000fc28       0x20 lib/write.o
                                         0x38 (size before relaxing)
 .eh_frame      0x000000000000fc48       0x20 lib/close.o
                                         0x38 (size before relaxing)
 .eh_frame      0x000000000000fc68       0x20 lib/unlink.o
                                         0x38 (size before relaxing)
 .eh_frame      0x000000000000fc88       0x20 lib/getpid.o
                                         0x38 (size before relaxing)
 .eh_frame      0x000000000000fca8       0x20 lib/syslog.o
                                         0x38 (size before relaxing)
 .eh_frame      0x000000000000fcc8      0x134 fs/main.o
                                        0x14c (size before relaxing)
 .eh_frame      0x000000000000fdfc      0x128 fs/open.o
                                        0x140 (size before relaxing)
 .eh_frame      0x000000000000ff24       0x48 fs/misc.o
                                         0x60 (size before relaxing)
 .eh_frame      0x000000000000ff6c       0x2c fs/read_write.o
                                         0x44 (size before relaxing)
 .eh_frame      0x000000000000ff98       0x2c fs/link.o
                                         0x44 (size before relaxing)
 .eh_frame      0x000000000000ffc4       0x80 fs/disklog.o
                                         0x98 (size before relaxing)

.gcc_except_table
 *(.gcc_except_table .gcc_except_table.*)

.exception_ranges
 *(.exception_ranges .exception_ranges*)
                0x0000000000010044                . = (ALIGN (0x1000) - ((0x1000 - .) & 0xfff))
                0x0000000000011044                . = DATA_SEGMENT_ALIGN (0x1000, 0x1000)

.eh_frame
 *(.eh_frame)

.gcc_except_table
 *(.gcc_except_table .gcc_except_table.*)

.exception_ranges
 *(.exception_ranges .exception_ranges*)

.tdata
 *(.tdata .tdata.* .gnu.linkonce.td.*)

.tbss
 *(.tbss .tbss.* .gnu.linkonce.tb.*)
 *(.tcommon)

.preinit_array  0x0000000000011044        0x0
                0x0000000000011044                PROVIDE (__preinit_array_start, .)
 *(.preinit_array)
                0x0000000000011044                PROVIDE (__preinit_array_end, .)

.init_array     0x0000000000011044        0x0
                0x0000000000011044                PROVIDE (__init_array_start, .)
 *(SORT(.init_array.*) SORT(.ctors.*))
 *(.init_array EXCLUDE_FILE(*crtend?.o *crtend.o *crtbegin?.o *crtbegin.o) .ctors)
                0x0000000000011044                PROVIDE (__init_array_end, .)

.fini_array     0x0000000000011044        0x0
                0x0000000000011044                PROVIDE (__fini_array_start, .)
 *(SORT(.fini_array.*) SORT(.dtors.*))
 *(.fini_array EXCLUDE_FILE(*crtend?.o *crtend.o *crtbegin?.o *crtbegin.o) .dtors)
                0x0000000000011044                PROVIDE (__fini_array_end, .)

.ctors
 *crtbegin.o(.ctors)
 *crtbegin?.o(.ctors)
 *(EXCLUDE_FILE(*crtend?.o *crtend.o) .ctors)
 *(SORT(.ctors.*))
 *(.ctors)

.dtors
 *crtbegin.o(.dtors)
 *crtbegin?.o(.dtors)
 *(EXCLUDE_FILE(*crtend?.o *crtend.o) .dtors)
 *(SORT(.dtors.*))
 *(.dtors)

.jcr
 *(.jcr)

.data.rel.ro
 *(.data.rel.ro.local* .gnu.linkonce.d.rel.ro.local.*)
 *(.data.rel.ro .data.rel.ro.* .gnu.linkonce.d.rel.ro.*)

.dynamic
 *(.dynamic)

.got
 *(.got)
 *(.igot)
                0x0000000000011044                . = DATA_SEGMENT_RELRO_END (., (SIZEOF (.got.plt) >= 0xc)?0xc:0x0)

.got.plt        0x0000000000011044        0x0
 *(.got.plt)
 *(.igot.plt)
 .igot.plt      0x0000000000000000        0x0 kernel/kernel.o

.data           0x0000000000011060      0x7a0
 *(.data .data.* .gnu.linkonce.d.*)
 .data          0x0000000000011060        0x2 kernel/kernel.o
 .data          0x0000000000011062        0x0 kernel/start.o
 .data          0x0000000000011062        0x0 kernel/main.o
 .data          0x0000000000011062        0x0 kernel/clock.o
 *fill*         0x0000000000011062       0x1e 
 .data          0x0000000000011080      0x600 kernel/keyboard.o
                0x0000000000011080                keymap
 .data          0x0000000000011680       0x22 kernel/tty.o
 .data          0x00000000000116a2        0x0 kernel/console.o
 .data          0x00000000000116a2        0x0 kernel/i8259.o
 *fill*         0x00000000000116a2       0x1e 
 .data          0x00000000000116c0      0x140 kernel/global.o
                0x00000000000116c0                task_table
                0x0000000000011760                user_proc_table
                0x00000000000117d8                sys_call_table
                0x00000000000117e4                dd_map
                0x00000000000117fc                fsbuf
 .data          0x0000000000011800        0x0 kernel/protect.o
 .data          0x0000000000011800        0x0 kernel/proc.o
 .data          0x0000000000011800        0x0 kernel/systask.o
 .data          0x0000000000011800        0x0 kernel/hd.o
 .data          0x0000000000011800        0x0 lib/printf.o
 .data          0x0000000000011800        0x0 lib/vsprintf.o
 .data          0x0000000000011800        0x0 lib/klib.o
 .data          0x0000000000011800        0x0 lib/misc.o
 .data          0x0000000000011800        0x0 lib/open.o
 .data          0x0000000000011800        0x0 lib/read.o
 .data          0x0000000000011800        0x0 lib/write.o
 .data          0x0000000000011800        0x0 lib/close.o
 .data          0x0000000000011800        0x0 lib/unlink.o
 .data          0x0000000000011800        0x0 lib/getpid.o
 .data          0x0000000000011800        0x0 lib/syslog.o
 .data          0x0000000000011800        0x0 fs/main.o
 .data          0x0000000000011800        0x0 fs/open.o
 .data          0x0000000000011800        0x0 fs/misc.o
 .data          0x0000000000011800        0x0 fs/read_write.o
 .data          0x0000000000011800        0x0 fs/link.o
 .data          0x0000000000011800        0x0 fs/disklog.o

.data1
 *(.data1)
                0x0000000000011800                _edata = .
                0x0000000000011800                PROVIDE (edata, .)
                0x0000000000011800                . = .
                0x0000000000011800                __bss_start = .

.bss            0x0000000000011800    0x3cb50
 *(.dynbss)
 *(.bss .bss.* .gnu.linkonce.b.*)
 .bss           0x0000000000011800      0x800 kernel/kernel.o
 .bss           0x0000000000012000        0x0 kernel/start.o
 .bss           0x0000000000012000       0xb2 kernel/main.o
                0x0000000000012000                file_count
                0x0000000000012004                filename_1
                0x0000000000012020                content_1
                0x0000000000012052                filename_2
                0x0000000000012080                content_2
 .bss           0x00000000000120b2        0x0 kernel/clock.o
 *fill*         0x00000000000120b2        0xe 
 .bss           0x00000000000120c0       0x58 kernel/keyboard.o
 .bss           0x0000000000012118        0x0 kernel/tty.o
 .bss           0x0000000000012118        0x0 kernel/console.o
 .bss           0x0000000000012118        0x0 kernel/i8259.o
 .bss           0x0000000000012118        0x0 kernel/global.o
 .bss           0x0000000000012118        0x0 kernel/protect.o
 .bss           0x0000000000012118        0x0 kernel/proc.o
 .bss           0x0000000000012118        0x0 kernel/systask.o
 *fill*         0x0000000000012118        0x8 
 .bss           0x0000000000012120      0x64c kernel/hd.o
 .bss           0x000000000001276c        0x0 lib/printf.o
 .bss           0x000000000001276c        0x0 lib/vsprintf.o
 .bss           0x000000000001276c        0x0 lib/klib.o
 .bss           0x000000000001276c        0x0 lib/misc.o
 .bss           0x000000000001276c        0x0 lib/open.o
 .bss           0x000000000001276c        0x0 lib/read.o
 .bss           0x000000000001276c        0x0 lib/write.o
 .bss           0x000000000001276c        0x0 lib/close.o
 .bss           0x000000000001276c        0x0 lib/unlink.o
 .bss           0x000000000001276c        0x0 lib/getpid.o
 .bss           0x000000000001276c        0x0 lib/syslog.o
 .bss           0x000000000001276c        0x0 fs/main.o
 .bss           0x000000000001276c        0x0 fs/open.o
 .bss           0x000000000001276c        0x0 fs/misc.o
 .bss           0x000000000001276c        0x0 fs/read_write.o
 .bss           0x000000000001276c        0x0 fs/link.o
 *fill*         0x000000000001276c       0x14 
 .bss           0x0000000000012780      0x208 fs/disklog.o
 *(COMMON)
 COMMON         0x0000000000012988       0x10 kernel/main.o
                0x0000000000012988                f
 *fill*         0x0000000000012998        0x8 
 COMMON         0x00000000000129a0    0x3b99e kernel/global.o
                0x00000000000129a0                idt_ptr
                0x00000000000129c0                inode_table
                0x00000000000134c0                task_stack
                0x000000000004b4c0                k_reenter
                0x000000000004b4e0                gdt
                0x000000000004b8e0                current_console
                0x000000000004b8e4                pcaller
                0x000000000004b900                tty_table
                0x000000000004c9a0                tss
                0x000000000004ca20                fs_msg
                0x000000000004ca60                f_desc_table
                0x000000000004cd60                root_inode
                0x000000000004cd64                disp_pos
                0x000000000004cd68                key_pressed
                0x000000000004cd6c                gdt_ptr
                0x000000000004cd80                idt
                0x000000000004d580                super_block
                0x000000000004d760                ticks
                0x000000000004d780                console_table
                0x000000000004d7e0                irq_table
                0x000000000004d820                p_proc_ready
                0x000000000004d840                proc_table
 COMMON         0x000000000004e33e       0x10 kernel/hd.o
                0x000000000004e33e                PARTITION_ENTRY
                0x000000000004e350                . = ALIGN ((. != 0x0)?0x4:0x1)
 *fill*         0x000000000004e34e        0x2 
                0x000000000004e350                . = ALIGN (0x4)
                0x000000000004e350                . = SEGMENT_START ("ldata-segment", .)
                0x000000000004e350                . = ALIGN (0x4)
                0x000000000004e350                _end = .
                0x000000000004e350                PROVIDE (end, .)
                0x000000000004e350                . = DATA_SEGMENT_END (.)

.stab
 *(.stab)

.stabstr
 *(.stabstr)

.stab.excl
 *(.stab.excl)

.stab.exclstr
 *(.stab.exclstr)

.stab.index
 *(.stab.index)

.stab.indexstr
 *(.stab.indexstr)

.comment        0x0000000000000000       0x29
 *(.comment)
 .comment       0x0000000000000000       0x29 kernel/start.o
                                         0x2a (size before relaxing)
 .comment       0x0000000000000000       0x2a kernel/main.o
 .comment       0x0000000000000000       0x2a kernel/clock.o
 .comment       0x0000000000000000       0x2a kernel/keyboard.o
 .comment       0x0000000000000000       0x2a kernel/tty.o
 .comment       0x0000000000000000       0x2a kernel/console.o
 .comment       0x0000000000000000       0x2a kernel/i8259.o
 .comment       0x0000000000000000       0x2a kernel/global.o
 .comment       0x0000000000000000       0x2a kernel/protect.o
 .comment       0x0000000000000000       0x2a kernel/proc.o
 .comment       0x0000000000000000       0x2a kernel/systask.o
 .comment       0x0000000000000000       0x2a kernel/hd.o
 .comment       0x0000000000000000       0x2a lib/printf.o
 .comment       0x0000000000000000       0x2a lib/vsprintf.o
 .comment       0x0000000000000000       0x2a lib/klib.o
 .comment       0x0000000000000000       0x2a lib/misc.o
 .comment       0x0000000000000000       0x2a lib/open.o
 .comment       0x0000000000000000       0x2a lib/read.o
 .comment       0x0000000000000000       0x2a lib/write.o
 .comment       0x0000000000000000       0x2a lib/close.o
 .comment       0x0000000000000000       0x2a lib/unlink.o
 .comment       0x0000000000000000       0x2a lib/getpid.o
 .comment       0x0000000000000000       0x2a lib/syslog.o
 .comment       0x0000000000000000       0x2a fs/main.o
 .comment       0x0000000000000000       0x2a fs/open.o
 .comment       0x0000000000000000       0x2a fs/misc.o
 .comment       0x0000000000000000       0x2a fs/read_write.o
 .comment       0x0000000000000000       0x2a fs/link.o
 .comment       0x0000000000000000       0x2a fs/disklog.o

.debug
 *(.debug)

.line
 *(.line)

.debug_srcinfo
 *(.debug_srcinfo)

.debug_sfnames
 *(.debug_sfnames)

.debug_aranges
 *(.debug_aranges)

.debug_pubnames
 *(.debug_pubnames)

.debug_info
 *(.debug_info .gnu.linkonce.wi.*)

.debug_abbrev
 *(.debug_abbrev)

.debug_line
 *(.debug_line .debug_line.* .debug_line_end)

.debug_frame
 *(.debug_frame)

.debug_str
 *(.debug_str)

.debug_loc
 *(.debug_loc)

.debug_macinfo
 *(.debug_macinfo)

.debug_weaknames
 *(.debug_weaknames)

.debug_funcnames
 *(.debug_funcnames)

.debug_typenames
 *(.debug_typenames)

.debug_varnames
 *(.debug_varnames)

.debug_pubtypes
 *(.debug_pubtypes)

.debug_ranges
 *(.debug_ranges)

.debug_macro
 *(.debug_macro)

.gnu.attributes
 *(.gnu.attributes)

/DISCARD/
 *(.note.GNU-stack)
 *(.gnu_debuglink)
 *(.gnu.lto_*)
OUTPUT(kernel.bin elf32-i386)
